# test_module03.txt
>>> add_integer = __import__('0-add_integer').add_integer

>>> module_doc = __import__('0-add_integer').__doc__
>>> len(module_doc) > 1
True
>>> func_doc = __import__('0-add_integer').add_integer.__doc__
>>> len(func_doc) > 1
True
>>> add_integer(5, 5)
10
>>> add_integer(-1,-1)
-2
>>> add_integer(-7, +7)
0
>>> isinstance(add_integer(5, 5.5), (int, float))
True
>>> add_integer(-True, False)
-1
>>> add_integer(-True, -False)
-1
>>> add_integer(False, False)
0
>>> add_integer(-False, -False)
0
>>> add_integer(True, True)
2
>>> isinstance(add_integer("str", "str"), (int, float))
Traceback (most recent call last):
... 
TypeError: a must be an integer
